2025-11-27 16:51:11,981 - INFO - ЗАПУСК ПРИЛОЖЕНИЯ TETRIS
2025-11-27 16:51:12,018 - INFO - Открыто главное меню
2025-11-27 16:51:13,429 - INFO - Запуск игры из меню
2025-11-27 16:51:13,429 - INFO - НАЧАЛО НОВОЙ ИГРЫ
2025-11-27 16:51:13,429 - INFO - Следующая фигура: L
2025-11-27 16:51:13,429 - INFO - Следующая фигура: O
2025-11-27 16:51:13,431 - INFO - Начальные настройки: скорость=0.5, рекорд=170
2025-11-27 16:51:14,319 - DEBUG - Движение влево
2025-11-27 16:51:14,746 - DEBUG - Движение влево
2025-11-27 16:51:14,926 - DEBUG - Движение влево
2025-11-27 16:51:15,150 - DEBUG - Ускоренное падение
2025-11-27 16:51:15,325 - DEBUG - Ускоренное падение
2025-11-27 16:51:15,503 - DEBUG - Ускоренное падение
2025-11-27 16:51:15,732 - DEBUG - Движение влево
2025-11-27 16:51:16,078 - DEBUG - Поворот фигуры
2025-11-27 16:51:16,498 - DEBUG - Движение влево
2025-11-27 16:51:16,721 - DEBUG - Ускоренное падение
2025-11-27 16:51:16,891 - DEBUG - Ускоренное падение
2025-11-27 16:51:17,062 - DEBUG - Ускоренное падение
2025-11-27 16:51:17,258 - DEBUG - Ускоренное падение
2025-11-27 16:51:17,434 - DEBUG - Ускоренное падение
2025-11-27 16:51:17,596 - DEBUG - Ускоренное падение
2025-11-27 16:51:17,771 - DEBUG - Ускоренное падение
2025-11-27 16:51:17,936 - DEBUG - Ускоренное падение
2025-11-27 16:51:18,437 - DEBUG - Скорость увеличена: 0.495
2025-11-27 16:51:18,458 - INFO - Следующая фигура: L
2025-11-27 16:51:18,673 - DEBUG - Движение вправо
2025-11-27 16:51:19,299 - DEBUG - Ускоренное падение
2025-11-27 16:51:19,484 - DEBUG - Ускоренное падение
2025-11-27 16:51:19,692 - DEBUG - Движение влево
2025-11-27 16:51:19,891 - DEBUG - Движение влево
2025-11-27 16:51:20,095 - DEBUG - Движение влево
2025-11-27 16:51:20,241 - DEBUG - Ускоренное падение
2025-11-27 16:51:20,425 - DEBUG - Ускоренное падение
2025-11-27 16:51:20,611 - DEBUG - Ускоренное падение
2025-11-27 16:51:20,784 - DEBUG - Ускоренное падение
2025-11-27 16:51:20,955 - DEBUG - Ускоренное падение
2025-11-27 16:51:21,125 - DEBUG - Ускоренное падение
2025-11-27 16:51:21,297 - DEBUG - Ускоренное падение
2025-11-27 16:51:21,470 - DEBUG - Ускоренное падение
2025-11-27 16:51:21,641 - DEBUG - Ускоренное падение
2025-11-27 16:51:21,817 - DEBUG - Ускоренное падение
2025-11-27 16:51:21,979 - DEBUG - Ускоренное падение
2025-11-27 16:51:22,445 - INFO - Следующая фигура: S
2025-11-27 16:51:22,858 - DEBUG - Движение вправо
2025-11-27 16:51:23,439 - DEBUG - Скорость увеличена: 0.490
2025-11-27 16:51:23,708 - DEBUG - Движение вправо
2025-11-27 16:51:23,945 - DEBUG - Движение вправо
2025-11-27 16:51:24,417 - DEBUG - Ускоренное падение
2025-11-27 16:51:24,612 - DEBUG - Ускоренное падение
2025-11-27 16:51:24,838 - DEBUG - Движение влево
2025-11-27 16:51:25,129 - DEBUG - Ускоренное падение
2025-11-27 16:51:25,292 - DEBUG - Ускоренное падение
2025-11-27 16:51:25,442 - DEBUG - Ускоренное падение
2025-11-27 16:51:25,630 - DEBUG - Движение вправо
2025-11-27 16:51:25,816 - DEBUG - Ускоренное падение
2025-11-27 16:51:25,994 - DEBUG - Ускоренное падение
2025-11-27 16:51:26,154 - DEBUG - Ускоренное падение
2025-11-27 16:51:26,336 - DEBUG - Ускоренное падение
2025-11-27 16:51:26,500 - DEBUG - Ускоренное падение
2025-11-27 16:51:26,667 - DEBUG - Ускоренное падение
2025-11-27 16:51:26,834 - DEBUG - Ускоренное падение
2025-11-27 16:51:26,992 - DEBUG - Ускоренное падение
2025-11-27 16:51:27,374 - INFO - Следующая фигура: Z
2025-11-27 16:51:28,180 - DEBUG - Движение влево
2025-11-27 16:51:28,441 - DEBUG - Скорость увеличена: 0.485
2025-11-27 16:51:28,508 - DEBUG - Ускоренное падение
2025-11-27 16:51:28,688 - DEBUG - Ускоренное падение
2025-11-27 16:51:28,858 - DEBUG - Ускоренное падение
2025-11-27 16:51:29,090 - DEBUG - Движение вправо
2025-11-27 16:51:29,303 - DEBUG - Ускоренное падение
2025-11-27 16:51:29,496 - DEBUG - Ускоренное падение
2025-11-27 16:51:29,708 - DEBUG - Движение вправо
2025-11-27 16:51:29,908 - DEBUG - Ускоренное падение
2025-11-27 16:51:30,108 - DEBUG - Ускоренное падение
2025-11-27 16:51:30,291 - DEBUG - Ускоренное падение
2025-11-27 16:51:30,467 - DEBUG - Ускоренное падение
2025-11-27 16:51:30,638 - DEBUG - Ускоренное падение
2025-11-27 16:51:30,812 - DEBUG - Ускоренное падение
2025-11-27 16:51:30,992 - DEBUG - Ускоренное падение
2025-11-27 16:51:31,178 - DEBUG - Ускоренное падение
2025-11-27 16:51:31,280 - INFO - Следующая фигура: T
2025-11-27 16:51:32,180 - DEBUG - Движение влево
2025-11-27 16:51:32,908 - DEBUG - Поворот фигуры
2025-11-27 16:51:33,213 - DEBUG - Ускоренное падение
2025-11-27 16:51:33,412 - DEBUG - Ускоренное падение
2025-11-27 16:51:33,445 - DEBUG - Скорость увеличена: 0.480
2025-11-27 16:51:33,600 - DEBUG - Ускоренное падение
2025-11-27 16:51:33,809 - DEBUG - Движение вправо
2025-11-27 16:51:34,011 - DEBUG - Ускоренное падение
2025-11-27 16:51:34,195 - DEBUG - Ускоренное падение
2025-11-27 16:51:34,378 - DEBUG - Ускоренное падение
2025-11-27 16:51:34,553 - DEBUG - Ускоренное падение
2025-11-27 16:51:34,729 - DEBUG - Ускоренное падение
2025-11-27 16:51:34,908 - DEBUG - Ускоренное падение
2025-11-27 16:51:35,088 - DEBUG - Ускоренное падение
2025-11-27 16:51:35,271 - DEBUG - Ускоренное падение
2025-11-27 16:51:35,463 - DEBUG - Ускоренное падение
2025-11-27 16:51:35,646 - INFO - Следующая фигура: I
2025-11-27 16:51:35,646 - INFO - Очищено строк: 1, блоков на поле: 10
2025-11-27 16:51:35,646 - INFO - Начислено очков: +10, всего: 10
2025-11-27 16:51:35,996 - DEBUG - Движение влево
2025-11-27 16:51:36,211 - DEBUG - Движение влево
2025-11-27 16:51:36,426 - DEBUG - Движение влево
2025-11-27 16:51:36,668 - DEBUG - Движение влево
2025-11-27 16:51:36,896 - DEBUG - Движение влево
2025-11-27 16:51:37,084 - DEBUG - Движение влево
2025-11-27 16:51:37,358 - DEBUG - Ускоренное падение
2025-11-27 16:51:37,541 - DEBUG - Ускоренное падение
2025-11-27 16:51:37,732 - DEBUG - Ускоренное падение
2025-11-27 16:51:37,930 - DEBUG - Ускоренное падение
2025-11-27 16:51:38,120 - DEBUG - Ускоренное падение
2025-11-27 16:51:38,301 - DEBUG - Ускоренное падение
2025-11-27 16:51:38,446 - DEBUG - Скорость увеличена: 0.475
2025-11-27 16:51:38,484 - DEBUG - Ускоренное падение
2025-11-27 16:51:38,667 - DEBUG - Ускоренное падение
2025-11-27 16:51:38,854 - DEBUG - Ускоренное падение
2025-11-27 16:51:39,029 - DEBUG - Ускоренное падение
2025-11-27 16:51:39,228 - DEBUG - Ускоренное падение
2025-11-27 16:51:39,404 - DEBUG - Ускоренное падение
2025-11-27 16:51:39,491 - INFO - Следующая фигура: S
2025-11-27 16:51:39,896 - DEBUG - Движение влево
2025-11-27 16:51:40,099 - DEBUG - Движение влево
2025-11-27 16:51:40,322 - DEBUG - Ускоренное падение
2025-11-27 16:51:40,518 - DEBUG - Ускоренное падение
2025-11-27 16:51:40,700 - DEBUG - Ускоренное падение
2025-11-27 16:51:40,876 - DEBUG - Ускоренное падение
2025-11-27 16:51:41,083 - DEBUG - Движение влево
2025-11-27 16:51:41,372 - DEBUG - Ускоренное падение
2025-11-27 16:51:41,680 - DEBUG - Движение влево
2025-11-27 16:51:41,807 - DEBUG - Ускоренное падение
2025-11-27 16:51:41,926 - DEBUG - Движение влево
2025-11-27 16:51:42,029 - DEBUG - Ускоренное падение
2025-11-27 16:51:42,212 - DEBUG - Ускоренное падение
2025-11-27 16:51:42,467 - DEBUG - Ускоренное падение
2025-11-27 16:51:42,624 - DEBUG - Ускоренное падение
2025-11-27 16:51:42,792 - DEBUG - Ускоренное падение
2025-11-27 16:51:42,836 - INFO - Следующая фигура: O
2025-11-27 16:51:42,984 - DEBUG - Ускоренное падение
2025-11-27 16:51:43,255 - DEBUG - Ускоренное падение
2025-11-27 16:51:43,448 - DEBUG - Скорость увеличена: 0.470
2025-11-27 16:51:43,448 - DEBUG - Движение влево
2025-11-27 16:51:43,616 - DEBUG - Ускоренное падение
2025-11-27 16:51:43,853 - DEBUG - Ускоренное падение
2025-11-27 16:51:43,930 - DEBUG - Движение влево
2025-11-27 16:51:44,096 - DEBUG - Поворот фигуры
2025-11-27 16:51:44,378 - DEBUG - Движение влево
2025-11-27 16:51:44,575 - DEBUG - Ускоренное падение
2025-11-27 16:51:44,725 - DEBUG - Движение влево
2025-11-27 16:51:44,811 - DEBUG - Ускоренное падение
2025-11-27 16:51:44,907 - DEBUG - Движение влево
2025-11-27 16:51:44,959 - DEBUG - Движение влево
2025-11-27 16:51:45,058 - DEBUG - Ускоренное падение
2025-11-27 16:51:45,175 - DEBUG - Движение влево
2025-11-27 16:51:45,242 - DEBUG - Ускоренное падение
2025-11-27 16:51:45,445 - DEBUG - Ускоренное падение
2025-11-27 16:51:45,582 - DEBUG - Ускоренное падение
2025-11-27 16:51:45,667 - INFO - Следующая фигура: S
2025-11-27 16:51:45,884 - DEBUG - Ускоренное падение
2025-11-27 16:51:46,209 - DEBUG - Ускоренное падение
2025-11-27 16:51:46,341 - DEBUG - Движение влево
2025-11-27 16:51:46,479 - DEBUG - Движение влево
2025-11-27 16:51:46,710 - DEBUG - Поворот фигуры
2025-11-27 16:51:46,868 - DEBUG - Движение влево
2025-11-27 16:51:47,013 - DEBUG - Ускоренное падение
2025-11-27 16:51:47,081 - DEBUG - Движение влево
2025-11-27 16:51:47,232 - DEBUG - Ускоренное падение
2025-11-27 16:51:47,313 - DEBUG - Движение влево
2025-11-27 16:51:47,413 - DEBUG - Ускоренное падение
2025-11-27 16:51:47,561 - DEBUG - Движение влево
2025-11-27 16:51:47,650 - DEBUG - Ускоренное падение
2025-11-27 16:51:47,776 - DEBUG - Движение влево
2025-11-27 16:51:47,854 - DEBUG - Ускоренное падение
2025-11-27 16:51:47,986 - DEBUG - Движение влево
2025-11-27 16:51:48,038 - INFO - Следующая фигура: L
2025-11-27 16:51:48,221 - DEBUG - Поворот фигуры
2025-11-27 16:51:48,412 - DEBUG - Движение влево
2025-11-27 16:51:48,450 - DEBUG - Скорость увеличена: 0.465
2025-11-27 16:51:48,520 - DEBUG - Ускоренное падение
2025-11-27 16:51:48,666 - DEBUG - Движение влево
2025-11-27 16:51:48,841 - DEBUG - Движение влево
2025-11-27 16:51:48,930 - DEBUG - Ускоренное падение
2025-11-27 16:51:49,038 - DEBUG - Движение влево
2025-11-27 16:51:49,121 - DEBUG - Ускоренное падение
2025-11-27 16:51:49,221 - DEBUG - Движение влево
2025-11-27 16:51:49,279 - DEBUG - Ускоренное падение
2025-11-27 16:51:49,441 - DEBUG - Ускоренное падение
2025-11-27 16:51:49,607 - DEBUG - Ускоренное падение
2025-11-27 16:51:49,784 - DEBUG - Движение влево
2025-11-27 16:51:49,905 - INFO - Следующая фигура: T
2025-11-27 16:51:50,130 - DEBUG - Движение влево
2025-11-27 16:51:50,309 - DEBUG - Движение влево
2025-11-27 16:51:50,412 - DEBUG - Ускоренное падение
2025-11-27 16:51:50,525 - DEBUG - Движение влево
2025-11-27 16:51:50,596 - DEBUG - Ускоренное падение
2025-11-27 16:51:50,770 - DEBUG - Ускоренное падение
2025-11-27 16:51:50,890 - DEBUG - Движение влево
2025-11-27 16:51:50,946 - DEBUG - Ускоренное падение
2025-11-27 16:51:51,125 - DEBUG - Ускоренное падение
2025-11-27 16:51:51,242 - DEBUG - Движение влево
2025-11-27 16:51:51,305 - INFO - Следующая фигура: S
2025-11-27 16:51:51,332 - DEBUG - Ускоренное падение
2025-11-27 16:51:51,458 - DEBUG - Движение влево
2025-11-27 16:51:51,704 - DEBUG - Движение влево
2025-11-27 16:51:51,908 - DEBUG - Движение влево
2025-11-27 16:51:52,091 - DEBUG - Движение влево
2025-11-27 16:51:52,184 - DEBUG - Ускоренное падение
2025-11-27 16:51:52,309 - DEBUG - Движение влево
2025-11-27 16:51:52,401 - DEBUG - Ускоренное падение
2025-11-27 16:51:52,705 - INFO - Следующая фигура: O
2025-11-27 16:51:52,818 - DEBUG - Движение влево
2025-11-27 16:51:53,082 - DEBUG - Движение влево
2025-11-27 16:51:53,243 - DEBUG - Ускоренное падение
2025-11-27 16:51:53,438 - DEBUG - Ускоренное падение
2025-11-27 16:51:53,451 - DEBUG - Скорость увеличена: 0.460
2025-11-27 16:51:53,549 - DEBUG - Движение влево
2025-11-27 16:51:53,632 - INFO - Следующая фигура: L
2025-11-27 16:51:54,554 - INFO - Следующая фигура: T
2025-11-27 16:51:55,478 - INFO - Следующая фигура: I
2025-11-27 16:51:55,482 - INFO - Игрок проиграл! Фигура достигла верха сетки.
2025-11-27 16:51:56,984 - INFO - ИГРА ЗАВЕРШЕНА. Финальный счет: 10
2025-11-27 16:51:59,212 - INFO - Выход из меню
2025-11-27 16:51:59,224 - INFO - ЗАВЕРШЕНИЕ РАБОТЫ
